65.254.225.147 - - [05/Jan/2017:01:49:28 -0500] "POST /wp-cron.php?doing_wp_cron=1483598968.6821210384368896484375 HTTP/1.1" 200 20 "http://www.lalawellness.ca/wp-cron.php?doing_wp_cron=1483598968.6821210384368896484375" "WordPress/4.7; http://www.lalawellness.ca"
66.249.64.196 - - [05/Jan/2017:01:49:24 -0500] "GET /robots.txt HTTP/1.1" 200 69 "-" "Mozilla/5.0 (compatible; Googlebot/2.1; +http://www.google.com/bot.html)"
66.249.64.254 - - [05/Jan/2017:01:49:35 -0500] "GET /feed/ HTTP/1.1" 200 7330 "-" "Mozilla/5.0 (compatible; Googlebot/2.1; +http://www.google.com/bot.html)"
65.254.225.147 - - [05/Jan/2017:02:03:58 -0500] "POST /wp-cron.php?doing_wp_cron=1483599838.0588660240173339843750 HTTP/1.1" 200 20 "http://www.lalawellness.ca/wp-cron.php?doing_wp_cron=1483599838.0588660240173339843750" "WordPress/4.7; http://www.lalawellness.ca"
49.49.234.58 - - [05/Jan/2017:02:03:57 -0500] "POST /xmlrpc.php HTTP/1.1" 200 403 "-" "Mozilla/5.0 (Windows NT 6.1; WOW64; rv:40.0) Gecko/20100101 Firefox/40.1"
49.49.234.58 - - [05/Jan/2017:02:03:59 -0500] "GET /wp-login.php HTTP/1.1" 200 3378 "-" "Mozilla/5.0 (Windows NT 6.1; WOW64; rv:40.0) Gecko/20100101 Firefox/40.1"
49.49.234.58 - - [05/Jan/2017:02:04:01 -0500] "POST /wp-login.php HTTP/1.1" 200 4386 "-" "Mozilla/5.0 (Windows NT 6.1; WOW64; rv:40.0) Gecko/20100101 Firefox/40.1"
146.158.176.247 - - [05/Jan/2017:02:23:56 -0500] "POST /xmlrpc.php HTTP/1.1" 200 403 "-" "Mozilla/5.0 (Windows NT 6.1; WOW64; rv:40.0) Gecko/20100101 Firefox/40.1"
146.158.176.247 - - [05/Jan/2017:02:24:02 -0500] "GET /wp-login.php HTTP/1.1" 200 3378 "-" "Mozilla/5.0 (Windows NT 6.1; WOW64; rv:40.0) Gecko/20100101 Firefox/40.1"
146.158.176.247 - - [05/Jan/2017:02:24:03 -0500] "POST /wp-login.php HTTP/1.1" 200 4386 "-" "Mozilla/5.0 (Windows NT 6.1; WOW64; rv:40.0) Gecko/20100101 Firefox/40.1"
66.220.146.24 - - [05/Jan/2017:02:30:50 -0500] "GET /wp-content/uploads/2016/02/laLa-Wellness-23-2.png HTTP/1.1" 200 419140 "-" "facebookexternalhit/1.1 (+http://www.facebook.com/externalhit_uatext.php)"
66.220.158.123 - - [05/Jan/2017:02:31:24 -0500] "GET / HTTP/1.1" 206 11837 "-" "facebookexternalhit/1.1 (+http://www.facebook.com/externalhit_uatext.php)"
174.112.143.218 - - [05/Jan/2017:02:31:25 -0500] "GET / HTTP/1.1" 200 11839 "https://www.facebook.com/" "Mozilla/5.0 (Macintosh; Intel Mac OS X 10_10_4) AppleWebKit/537.36 (KHTML, like Gecko) Chrome/55.0.2883.95 Safari/537.36"
174.112.143.218 - - [05/Jan/2017:02:31:27 -0500] "GET /wp-content/plugins/coming-soon-by-supsystic/css/supsystic-for-all-admin.css?ver=1.3.2 HTTP/1.1" 200 250 "http://www.lalawellness.ca/" "Mozilla/5.0 (Macintosh; Intel Mac OS X 10_10_4) AppleWebKit/537.36 (KHTML, like Gecko) Chrome/55.0.2883.95 Safari/537.36"
174.112.143.218 - - [05/Jan/2017:02:31:27 -0500] "GET /wp-content/uploads/formidable/css/formidablepro.css?ver=1128015 HTTP/1.1" 200 11560 "http://www.lalawellness.ca/" "Mozilla/5.0 (Macintosh; Intel Mac OS X 10_10_4) AppleWebKit/537.36 (KHTML, like Gecko) Chrome/55.0.2883.95 Safari/537.36"
174.112.143.218 - - [05/Jan/2017:02:31:27 -0500] "GET /wp-includes/js/jquery/jquery.js?ver=1.12.4 HTTP/1.1" 200 33766 "http://www.lalawellness.ca/" "Mozilla/5.0 (Macintosh; Intel Mac OS X 10_10_4) AppleWebKit/537.36 (KHTML, like Gecko) Chrome/55.0.2883.95 Safari/537.36"
174.112.143.218 - - [05/Jan/2017:02:31:27 -0500] "GET /wp-content/themes/Divi/style.css?ver=2.6.4.2 HTTP/1.1" 200 47168 "http://www.lalawellness.ca/" "Mozilla/5.0 (Macintosh; Intel Mac OS X 10_10_4) AppleWebKit/537.36 (KHTML, like Gecko) Chrome/55.0.2883.95 Safari/537.36"
174.112.143.218 - - [05/Jan/2017:02:31:27 -0500] "GET /wp-includes/js/jquery/jquery-migrate.min.js?ver=1.4.1 HTTP/1.1" 200 4014 "http://www.lalawellness.ca/" "Mozilla/5.0 (Macintosh; Intel Mac OS X 10_10_4) AppleWebKit/537.36 (KHTML, like Gecko) Chrome/55.0.2883.95 Safari/537.36"
174.112.143.218 - - [05/Jan/2017:02:31:27 -0500] "GET /wp-content/themes/Divi/epanel/shortcodes/css/shortcodes_responsive.css?ver=2.6.4.2 HTTP/1.1" 200 814 "http://www.lalawellness.ca/" "Mozilla/5.0 (Macintosh; Intel Mac OS X 10_10_4) AppleWebKit/537.36 (KHTML, like Gecko) Chrome/55.0.2883.95 Safari/537.36"
174.112.143.218 - - [05/Jan/2017:02:31:27 -0500] "GET /wp-content/themes/Divi/includes/builder/styles/magnific_popup.css?ver=2.6.4.2 HTTP/1.1" 200 2021 "http://www.lalawellness.ca/" "Mozilla/5.0 (Macintosh; Intel Mac OS X 10_10_4) AppleWebKit/537.36 (KHTML, like Gecko) Chrome/55.0.2883.95 Safari/537.36"
174.112.143.218 - - [05/Jan/2017:02:31:27 -0500] "GET /wp-content/themes/Divi/epanel/shortcodes/css/shortcodes.css?ver=2.6.4.2 HTTP/1.1" 200 5763 "http://www.lalawellness.ca/" "Mozilla/5.0 (Macintosh; Intel Mac OS X 10_10_4) AppleWebKit/537.36 (KHTML, like Gecko) Chrome/55.0.2883.95 Safari/537.36"
174.112.143.218 - - [05/Jan/2017:02:31:27 -0500] "GET /wp-content/themes/Divi/includes/builder/scripts/frontend-builder-global-functions.js?ver=2.6.4.2 HTTP/1.1" 200 1363 "http://www.lalawellness.ca/" "Mozilla/5.0 (Macintosh; Intel Mac OS X 10_10_4) AppleWebKit/537.36 (KHTML, like Gecko) Chrome/55.0.2883.95 Safari/537.36"
174.112.143.218 - - [05/Jan/2017:02:31:27 -0500] "GET /wp-content/themes/Divi/includes/builder/scripts/jquery.mobile.custom.min.js?ver=2.6.4.2 HTTP/1.1" 200 2872 "http://www.lalawellness.ca/" "Mozilla/5.0 (Macintosh; Intel Mac OS X 10_10_4) AppleWebKit/537.36 (KHTML, like Gecko) Chrome/55.0.2883.95 Safari/537.36"
174.112.143.218 - - [05/Jan/2017:02:31:27 -0500] "GET /wp-content/themes/Divi/js/custom.js?ver=2.6.4.2 HTTP/1.1" 200 9437 "http://www.lalawellness.ca/" "Mozilla/5.0 (Macintosh; Intel Mac OS X 10_10_4) AppleWebKit/537.36 (KHTML, like Gecko) Chrome/55.0.2883.95 Safari/537.36"
174.112.143.218 - - [05/Jan/2017:02:31:27 -0500] "GET /wp-content/themes/Divi/js/smoothscroll.js?ver=2.6.4.2 HTTP/1.1" 200 4365 "http://www.lalawellness.ca/" "Mozilla/5.0 (Macintosh; Intel Mac OS X 10_10_4) AppleWebKit/537.36 (KHTML, like Gecko) Chrome/55.0.2883.95 Safari/537.36"
174.112.143.218 - - [05/Jan/2017:02:31:27 -0500] "GET /wp-content/themes/Divi/includes/builder/scripts/jquery.fitvids.js?ver=2.6.4.2 HTTP/1.1" 200 1298 "http://www.lalawellness.ca/" "Mozilla/5.0 (Macintosh; Intel Mac OS X 10_10_4) AppleWebKit/537.36 (KHTML, like Gecko) Chrome/55.0.2883.95 Safari/537.36"
174.112.143.218 - - [05/Jan/2017:02:31:28 -0500] "GET /wp-content/themes/Divi/includes/builder/scripts/waypoints.min.js?ver=2.6.4.2 HTTP/1.1" 200 2698 "http://www.lalawellness.ca/" "Mozilla/5.0 (Macintosh; Intel Mac OS X 10_10_4) AppleWebKit/537.36 (KHTML, like Gecko) Chrome/55.0.2883.95 Safari/537.36"
174.112.143.218 - - [05/Jan/2017:02:31:28 -0500] "GET /wp-content/themes/Divi/includes/builder/scripts/jquery.magnific-popup.js?ver=2.6.4.2 HTTP/1.1" 200 8382 "http://www.lalawellness.ca/" "Mozilla/5.0 (Macintosh; Intel Mac OS X 10_10_4) AppleWebKit/537.36 (KHTML, like Gecko) Chrome/55.0.2883.95 Safari/537.36"
174.112.143.218 - - [05/Jan/2017:02:31:28 -0500] "GET /wp-content/themes/Divi/includes/builder/scripts/frontend-builder-scripts.js?ver=2.6.4.2 HTTP/1.1" 200 21819 "http://www.lalawellness.ca/" "Mozilla/5.0 (Macintosh; Intel Mac OS X 10_10_4) AppleWebKit/537.36 (KHTML, like Gecko) Chrome/55.0.2883.95 Safari/537.36"
174.112.143.218 - - [05/Jan/2017:02:31:28 -0500] "GET /wp-includes/js/wp-embed.min.js?ver=4.7 HTTP/1.1" 200 751 "http://www.lalawellness.ca/" "Mozilla/5.0 (Macintosh; Intel Mac OS X 10_10_4) AppleWebKit/537.36 (KHTML, like Gecko) Chrome/55.0.2883.95 Safari/537.36"
174.112.143.218 - - [05/Jan/2017:02:31:28 -0500] "GET /wp-content/uploads/2016/03/laLa-Wellness.png HTTP/1.1" 200 28850 "http://www.lalawellness.ca/" "Mozilla/5.0 (Macintosh; Intel Mac OS X 10_10_4) AppleWebKit/537.36 (KHTML, like Gecko) Chrome/55.0.2883.95 Safari/537.36"
174.112.143.218 - - [05/Jan/2017:02:31:28 -0500] "GET /wp-content/uploads/2016/02/cropped-lala-wellness-icon-3.png HTTP/1.1" 200 23319 "http://www.lalawellness.ca/" "Mozilla/5.0 (Macintosh; Intel Mac OS X 10_10_4) AppleWebKit/537.36 (KHTML, like Gecko) Chrome/55.0.2883.95 Safari/537.36"
174.112.143.218 - - [05/Jan/2017:02:31:28 -0500] "GET /wp-content/uploads/2016/03/2764.png HTTP/1.1" 200 2052 "http://www.lalawellness.ca/" "Mozilla/5.0 (Macintosh; Intel Mac OS X 10_10_4) AppleWebKit/537.36 (KHTML, like Gecko) Chrome/55.0.2883.95 Safari/537.36"
174.112.143.218 - - [05/Jan/2017:02:31:28 -0500] "GET /wp-content/uploads/2016/02/IMG_6232.jpg HTTP/1.1" 200 135684 "http://www.lalawellness.ca/" "Mozilla/5.0 (Macintosh; Intel Mac OS X 10_10_4) AppleWebKit/537.36 (KHTML, like Gecko) Chrome/55.0.2883.95 Safari/537.36"
174.112.143.218 - - [05/Jan/2017:02:31:28 -0500] "GET /wp-content/uploads/2016/02/IMG_5440.jpg HTTP/1.1" 200 1871314 "http://www.lalawellness.ca/" "Mozilla/5.0 (Macintosh; Intel Mac OS X 10_10_4) AppleWebKit/537.36 (KHTML, like Gecko) Chrome/55.0.2883.95 Safari/537.36"
174.112.143.218 - - [05/Jan/2017:02:31:28 -0500] "GET /wp-content/uploads/2016/02/IMG_2420.jpg HTTP/1.1" 200 938604 "http://www.lalawellness.ca/" "Mozilla/5.0 (Macintosh; Intel Mac OS X 10_10_4) AppleWebKit/537.36 (KHTML, like Gecko) Chrome/55.0.2883.95 Safari/537.36"
174.112.143.218 - - [05/Jan/2017:02:31:28 -0500] "GET /wp-content/uploads/2016/02/laLa-Wellness-23-2.png HTTP/1.1" 200 419140 "http://www.lalawellness.ca/" "Mozilla/5.0 (Macintosh; Intel Mac OS X 10_10_4) AppleWebKit/537.36 (KHTML, like Gecko) Chrome/55.0.2883.95 Safari/537.36"
174.112.143.218 - - [05/Jan/2017:02:31:28 -0500] "GET /wp-content/uploads/2016/02/laLa-2.png HTTP/1.1" 200 392978 "http://www.lalawellness.ca/" "Mozilla/5.0 (Macintosh; Intel Mac OS X 10_10_4) AppleWebKit/537.36 (KHTML, like Gecko) Chrome/55.0.2883.95 Safari/537.36"
174.112.143.218 - - [05/Jan/2017:02:31:28 -0500] "GET /wp-content/uploads/2016/02/logo.png HTTP/1.1" 200 42060 "http://www.lalawellness.ca/" "Mozilla/5.0 (Macintosh; Intel Mac OS X 10_10_4) AppleWebKit/537.36 (KHTML, like Gecko) Chrome/55.0.2883.95 Safari/537.36"
174.112.143.218 - - [05/Jan/2017:02:31:28 -0500] "GET /wp-content/uploads/2016/02/logo-2.png HTTP/1.1" 200 26348 "http://www.lalawellness.ca/" "Mozilla/5.0 (Macintosh; Intel Mac OS X 10_10_4) AppleWebKit/537.36 (KHTML, like Gecko) Chrome/55.0.2883.95 Safari/537.36"
174.112.143.218 - - [05/Jan/2017:02:31:28 -0500] "GET /wp-includes/js/wp-emoji-release.min.js?ver=4.7 HTTP/1.1" 200 4230 "http://www.lalawellness.ca/" "Mozilla/5.0 (Macintosh; Intel Mac OS X 10_10_4) AppleWebKit/537.36 (KHTML, like Gecko) Chrome/55.0.2883.95 Safari/537.36"
174.112.143.218 - - [05/Jan/2017:02:31:28 -0500] "GET /wp-content/uploads/2016/02/For-Header.jpg HTTP/1.1" 200 106392 "http://www.lalawellness.ca/" "Mozilla/5.0 (Macintosh; Intel Mac OS X 10_10_4) AppleWebKit/537.36 (KHTML, like Gecko) Chrome/55.0.2883.95 Safari/537.36"
174.112.143.218 - - [05/Jan/2017:02:31:28 -0500] "GET /wp-content/uploads/2016/02/For-Educators.jpg HTTP/1.1" 200 165734 "http://www.lalawellness.ca/" "Mozilla/5.0 (Macintosh; Intel Mac OS X 10_10_4) AppleWebKit/537.36 (KHTML, like Gecko) Chrome/55.0.2883.95 Safari/537.36"
174.112.143.218 - - [05/Jan/2017:02:31:28 -0500] "GET /wp-content/themes/Divi/includes/builder/fonts/ETmodules_v2_4.ttf HTTP/1.1" 200 85124 "http://www.lalawellness.ca/wp-content/themes/Divi/style.css?ver=2.6.4.2" "Mozilla/5.0 (Macintosh; Intel Mac OS X 10_10_4) AppleWebKit/537.36 (KHTML, like Gecko) Chrome/55.0.2883.95 Safari/537.36"
174.112.143.218 - - [05/Jan/2017:02:31:28 -0500] "GET /wp-content/uploads/2016/02/For-Vision.jpg HTTP/1.1" 200 99341 "http://www.lalawellness.ca/" "Mozilla/5.0 (Macintosh; Intel Mac OS X 10_10_4) AppleWebKit/537.36 (KHTML, like Gecko) Chrome/55.0.2883.95 Safari/537.36"
174.112.143.218 - - [05/Jan/2017:02:31:29 -0500] "GET /wp-content/uploads/2016/08/whatis-yoga.jpg HTTP/1.1" 200 35289 "http://www.lalawellness.ca/" "Mozilla/5.0 (Macintosh; Intel Mac OS X 10_10_4) AppleWebKit/537.36 (KHTML, like Gecko) Chrome/55.0.2883.95 Safari/537.36"
174.112.143.218 - - [05/Jan/2017:02:31:29 -0500] "GET /wp-content/uploads/2016/03/laLa-Wellness-29-e1457912523932.jpg HTTP/1.1" 200 2743361 "http://www.lalawellness.ca/" "Mozilla/5.0 (Macintosh; Intel Mac OS X 10_10_4) AppleWebKit/537.36 (KHTML, like Gecko) Chrome/55.0.2883.95 Safari/537.36"
174.112.143.218 - - [05/Jan/2017:02:31:29 -0500] "GET /wp-content/uploads/2016/02/laLa-Wellness-contact-pink.jpg HTTP/1.1" 200 67021 "http://www.lalawellness.ca/" "Mozilla/5.0 (Macintosh; Intel Mac OS X 10_10_4) AppleWebKit/537.36 (KHTML, like Gecko) Chrome/55.0.2883.95 Safari/537.36"
174.112.143.218 - - [05/Jan/2017:02:31:29 -0500] "GET /wp-content/uploads/2016/03/laLa-Wellness-86.jpg HTTP/1.1" 200 7303198 "http://www.lalawellness.ca/" "Mozilla/5.0 (Macintosh; Intel Mac OS X 10_10_4) AppleWebKit/537.36 (KHTML, like Gecko) Chrome/55.0.2883.95 Safari/537.36"
174.112.143.218 - - [05/Jan/2017:02:31:32 -0500] "GET /wp-content/uploads/2016/02/cropped-lala-wellness-icon-192x192.png HTTP/1.1" 200 15988 "http://www.lalawellness.ca/" "Mozilla/5.0 (Macintosh; Intel Mac OS X 10_10_4) AppleWebKit/537.36 (KHTML, like Gecko) Chrome/55.0.2883.95 Safari/537.36"
174.112.143.218 - - [05/Jan/2017:02:31:32 -0500] "GET /wp-content/uploads/2016/02/cropped-lala-wellness-icon-32x32.png HTTP/1.1" 200 1251 "http://www.lalawellness.ca/" "Mozilla/5.0 (Macintosh; Intel Mac OS X 10_10_4) AppleWebKit/537.36 (KHTML, like Gecko) Chrome/55.0.2883.95 Safari/537.36"
93.56.167.223 - - [05/Jan/2017:05:29:05 -0500] "POST /xmlrpc.php HTTP/1.1" 200 403 "-" "Mozilla/5.0 (Windows NT 6.1; WOW64; rv:40.0) Gecko/20100101 Firefox/40.1"
93.56.167.223 - - [05/Jan/2017:05:29:13 -0500] "GET /wp-login.php HTTP/1.1" 200 3378 "-" "Mozilla/5.0 (Windows NT 6.1; WOW64; rv:40.0) Gecko/20100101 Firefox/40.1"
93.56.167.223 - - [05/Jan/2017:05:29:15 -0500] "POST /wp-login.php HTTP/1.1" 200 4386 "-" "Mozilla/5.0 (Windows NT 6.1; WOW64; rv:40.0) Gecko/20100101 Firefox/40.1"
65.254.225.147 - - [05/Jan/2017:05:29:11 -0500] "POST /wp-cron.php?doing_wp_cron=1483612151.4921081066131591796875 HTTP/1.1" 200 20 "http://www.lalawellness.ca/wp-cron.php?doing_wp_cron=1483612151.4921081066131591796875" "WordPress/4.7; http://www.lalawellness.ca"
93.33.168.104 - - [05/Jan/2017:05:44:13 -0500] "POST /xmlrpc.php HTTP/1.1" 200 403 "-" "Mozilla/5.0 (Windows NT 6.1; WOW64; rv:40.0) Gecko/20100101 Firefox/40.1"
93.33.168.104 - - [05/Jan/2017:05:44:18 -0500] "GET /wp-login.php HTTP/1.1" 200 3378 "-" "Mozilla/5.0 (Windows NT 6.1; WOW64; rv:40.0) Gecko/20100101 Firefox/40.1"
93.33.168.104 - - [05/Jan/2017:05:44:19 -0500] "POST /wp-login.php HTTP/1.1" 200 4386 "-" "Mozilla/5.0 (Windows NT 6.1; WOW64; rv:40.0) Gecko/20100101 Firefox/40.1"
65.254.225.147 - - [05/Jan/2017:06:27:44 -0500] "POST /wp-cron.php?doing_wp_cron=1483615664.7636198997497558593750 HTTP/1.1" 200 20 "http://www.lalawellness.ca/wp-cron.php?doing_wp_cron=1483615664.7636198997497558593750" "WordPress/4.7; http://www.lalawellness.ca"
94.64.180.37 - - [05/Jan/2017:06:27:40 -0500] "POST /xmlrpc.php HTTP/1.1" 200 403 "-" "Mozilla/5.0 (Windows NT 6.1; WOW64; rv:40.0) Gecko/20100101 Firefox/40.1"
94.64.180.37 - - [05/Jan/2017:06:27:46 -0500] "GET /wp-login.php HTTP/1.1" 200 3378 "-" "Mozilla/5.0 (Windows NT 6.1; WOW64; rv:40.0) Gecko/20100101 Firefox/40.1"
94.64.180.37 - - [05/Jan/2017:06:27:47 -0500] "POST /wp-login.php HTTP/1.1" 200 4386 "-" "Mozilla/5.0 (Windows NT 6.1; WOW64; rv:40.0) Gecko/20100101 Firefox/40.1"
60.51.48.215 - - [05/Jan/2017:06:31:55 -0500] "POST /xmlrpc.php HTTP/1.1" 200 403 "-" "Mozilla/5.0 (Windows NT 6.1; WOW64; rv:40.0) Gecko/20100101 Firefox/40.1"
60.51.48.215 - - [05/Jan/2017:06:31:57 -0500] "GET /wp-login.php HTTP/1.1" 200 3378 "-" "Mozilla/5.0 (Windows NT 6.1; WOW64; rv:40.0) Gecko/20100101 Firefox/40.1"
60.51.48.215 - - [05/Jan/2017:06:31:59 -0500] "POST /wp-login.php HTTP/1.1" 200 4386 "-" "Mozilla/5.0 (Windows NT 6.1; WOW64; rv:40.0) Gecko/20100101 Firefox/40.1"
65.254.225.147 - - [05/Jan/2017:06:54:46 -0500] "POST /wp-cron.php?doing_wp_cron=1483617286.1174619197845458984375 HTTP/1.1" 200 20 "http://www.lalawellness.ca/wp-cron.php?doing_wp_cron=1483617286.1174619197845458984375" "WordPress/4.7; http://www.lalawellness.ca"
200.28.80.201 - - [05/Jan/2017:06:54:43 -0500] "POST /xmlrpc.php HTTP/1.1" 200 403 "-" "Mozilla/5.0 (Windows NT 6.1; WOW64; rv:40.0) Gecko/20100101 Firefox/40.1"
200.28.80.201 - - [05/Jan/2017:06:54:47 -0500] "GET /wp-login.php HTTP/1.1" 200 3378 "-" "Mozilla/5.0 (Windows NT 6.1; WOW64; rv:40.0) Gecko/20100101 Firefox/40.1"
200.28.80.201 - - [05/Jan/2017:06:54:48 -0500] "POST /wp-login.php HTTP/1.1" 200 4386 "-" "Mozilla/5.0 (Windows NT 6.1; WOW64; rv:40.0) Gecko/20100101 Firefox/40.1"
65.254.225.147 - - [05/Jan/2017:07:28:29 -0500] "POST /wp-cron.php?doing_wp_cron=1483619309.1316308975219726562500 HTTP/1.1" 200 20 "http://www.lalawellness.ca/wp-cron.php?doing_wp_cron=1483619309.1316308975219726562500" "WordPress/4.7; http://www.lalawellness.ca"
183.83.241.72 - - [05/Jan/2017:07:28:25 -0500] "POST /xmlrpc.php HTTP/1.1" 200 403 "-" "Mozilla/5.0 (Windows NT 6.1; WOW64; rv:40.0) Gecko/20100101 Firefox/40.1"
183.83.241.72 - - [05/Jan/2017:07:28:31 -0500] "GET /wp-login.php HTTP/1.1" 200 3378 "-" "Mozilla/5.0 (Windows NT 6.1; WOW64; rv:40.0) Gecko/20100101 Firefox/40.1"
183.83.241.72 - - [05/Jan/2017:07:28:32 -0500] "POST /wp-login.php HTTP/1.1" 200 4386 "-" "Mozilla/5.0 (Windows NT 6.1; WOW64; rv:40.0) Gecko/20100101 Firefox/40.1"
65.254.225.147 - - [05/Jan/2017:09:08:00 -0500] "POST /wp-cron.php?doing_wp_cron=1483625280.2710049152374267578125 HTTP/1.1" 200 20 "http://www.lalawellness.ca/wp-cron.php?doing_wp_cron=1483625280.2710049152374267578125" "WordPress/4.7; http://www.lalawellness.ca"
207.46.13.63 - - [05/Jan/2017:09:07:55 -0500] "GET /robots.txt HTTP/1.1" 200 67 "-" "Mozilla/5.0 (compatible; bingbot/2.0; +http://www.bing.com/bingbot.htm)"
207.46.13.63 - - [05/Jan/2017:09:08:01 -0500] "GET /robots.txt HTTP/1.1" 200 67 "-" "Mozilla/5.0 (compatible; bingbot/2.0; +http://www.bing.com/bingbot.htm)"
103.80.70.18 - - [05/Jan/2017:09:26:19 -0500] "POST /xmlrpc.php HTTP/1.1" 200 403 "-" "Mozilla/5.0 (Windows NT 6.1; WOW64; rv:40.0) Gecko/20100101 Firefox/40.1"
103.80.70.18 - - [05/Jan/2017:09:26:24 -0500] "GET /wp-login.php HTTP/1.1" 200 3378 "-" "Mozilla/5.0 (Windows NT 6.1; WOW64; rv:40.0) Gecko/20100101 Firefox/40.1"
103.80.70.18 - - [05/Jan/2017:09:26:25 -0500] "POST /wp-login.php HTTP/1.1" 200 4386 "-" "Mozilla/5.0 (Windows NT 6.1; WOW64; rv:40.0) Gecko/20100101 Firefox/40.1"
65.19.167.132 - - [05/Jan/2017:09:29:53 -0500] "GET / HTTP/1.1" 301 193 "http://pizza-imperia.com/" "Mozilla/5.0 (X11; Linux x86_64) AppleWebKit/537.36 (KHTML, like Gecko) Chrome/37.0.2062.120 Safari/537.36"
65.19.167.132 - - [05/Jan/2017:09:29:55 -0500] "GET / HTTP/1.1" 200 11840 "http://pizza-imperia.com/" "Mozilla/5.0 (X11; Linux x86_64) AppleWebKit/537.36 (KHTML, like Gecko) Chrome/37.0.2062.120 Safari/537.36"
65.254.225.147 - - [05/Jan/2017:10:26:53 -0500] "POST /wp-cron.php?doing_wp_cron=1483630013.6199989318847656250000 HTTP/1.1" 200 20 "http://www.lalawellness.ca/wp-cron.php?doing_wp_cron=1483630013.6199989318847656250000" "WordPress/4.7; http://www.lalawellness.ca"
188.65.101.76 - - [05/Jan/2017:10:26:49 -0500] "POST /xmlrpc.php HTTP/1.1" 200 403 "-" "Mozilla/5.0 (Windows NT 6.1; WOW64; rv:40.0) Gecko/20100101 Firefox/40.1"
188.65.101.76 - - [05/Jan/2017:10:26:55 -0500] "GET /wp-login.php HTTP/1.1" 200 3378 "-" "Mozilla/5.0 (Windows NT 6.1; WOW64; rv:40.0) Gecko/20100101 Firefox/40.1"
188.65.101.76 - - [05/Jan/2017:10:26:56 -0500] "POST /wp-login.php HTTP/1.1" 200 4386 "-" "Mozilla/5.0 (Windows NT 6.1; WOW64; rv:40.0) Gecko/20100101 Firefox/40.1"
91.180.122.23 - - [05/Jan/2017:10:34:14 -0500] "POST /xmlrpc.php HTTP/1.1" 200 403 "-" "Mozilla/5.0 (Windows NT 6.1; WOW64; rv:40.0) Gecko/20100101 Firefox/40.1"
91.180.122.23 - - [05/Jan/2017:10:34:16 -0500] "GET /wp-login.php HTTP/1.1" 200 3378 "-" "Mozilla/5.0 (Windows NT 6.1; WOW64; rv:40.0) Gecko/20100101 Firefox/40.1"
91.180.122.23 - - [05/Jan/2017:10:34:17 -0500] "POST /wp-login.php HTTP/1.1" 200 4386 "-" "Mozilla/5.0 (Windows NT 6.1; WOW64; rv:40.0) Gecko/20100101 Firefox/40.1"
72.52.251.96 - - [05/Jan/2017:10:50:18 -0500] "POST /xmlrpc.php HTTP/1.1" 406 261 "-" "-"
65.254.225.147 - - [05/Jan/2017:10:50:45 -0500] "POST /wp-cron.php?doing_wp_cron=1483631445.0402729511260986328125 HTTP/1.1" 200 20 "http://www.lalawellness.ca/wp-cron.php?doing_wp_cron=1483631445.0402729511260986328125" "WordPress/4.7; http://www.lalawellness.ca"
207.46.13.213 - - [05/Jan/2017:10:50:43 -0500] "GET /robots.txt HTTP/1.1" 200 69 "-" "Mozilla/5.0 (compatible; bingbot/2.0; +http://www.bing.com/bingbot.htm)"
65.254.225.147 - - [05/Jan/2017:11:09:52 -0500] "POST /wp-cron.php?doing_wp_cron=1483632592.5470089912414550781250 HTTP/1.1" 200 20 "http://www.lalawellness.ca/wp-cron.php?doing_wp_cron=1483632592.5470089912414550781250" "WordPress/4.7; http://www.lalawellness.ca"
49.145.127.16 - - [05/Jan/2017:11:09:47 -0500] "POST /xmlrpc.php HTTP/1.1" 200 403 "-" "Mozilla/5.0 (Windows NT 6.1; WOW64; rv:40.0) Gecko/20100101 Firefox/40.1"
49.145.127.16 - - [05/Jan/2017:11:09:54 -0500] "GET /wp-login.php HTTP/1.1" 200 3378 "-" "Mozilla/5.0 (Windows NT 6.1; WOW64; rv:40.0) Gecko/20100101 Firefox/40.1"
49.145.127.16 - - [05/Jan/2017:11:09:56 -0500] "POST /wp-login.php HTTP/1.1" 200 4386 "-" "Mozilla/5.0 (Windows NT 6.1; WOW64; rv:40.0) Gecko/20100101 Firefox/40.1"
65.254.225.147 - - [05/Jan/2017:11:30:42 -0500] "POST /wp-cron.php?doing_wp_cron=1483633842.3557848930358886718750 HTTP/1.1" 200 20 "http://www.lalawellness.ca/wp-cron.php?doing_wp_cron=1483633842.3557848930358886718750" "WordPress/4.7; http://www.lalawellness.ca"
41.108.167.205 - - [05/Jan/2017:11:30:38 -0500] "POST /xmlrpc.php HTTP/1.1" 200 403 "-" "Mozilla/5.0 (Windows NT 6.1; WOW64; rv:40.0) Gecko/20100101 Firefox/40.1"
41.108.167.205 - - [05/Jan/2017:11:30:43 -0500] "GET /wp-login.php HTTP/1.1" 200 3378 "-" "Mozilla/5.0 (Windows NT 6.1; WOW64; rv:40.0) Gecko/20100101 Firefox/40.1"
41.108.167.205 - - [05/Jan/2017:11:30:45 -0500] "POST /wp-login.php HTTP/1.1" 200 4386 "-" "Mozilla/5.0 (Windows NT 6.1; WOW64; rv:40.0) Gecko/20100101 Firefox/40.1"
202.62.16.162 - - [05/Jan/2017:11:36:39 -0500] "POST /xmlrpc.php HTTP/1.1" 200 403 "-" "Mozilla/5.0 (Windows NT 6.1; WOW64; rv:40.0) Gecko/20100101 Firefox/40.1"
202.62.16.162 - - [05/Jan/2017:11:36:40 -0500] "GET /wp-login.php HTTP/1.1" 200 3378 "-" "Mozilla/5.0 (Windows NT 6.1; WOW64; rv:40.0) Gecko/20100101 Firefox/40.1"
202.62.16.162 - - [05/Jan/2017:11:36:42 -0500] "POST /wp-login.php HTTP/1.1" 200 4386 "-" "Mozilla/5.0 (Windows NT 6.1; WOW64; rv:40.0) Gecko/20100101 Firefox/40.1"
66.220.156.96 - - [05/Jan/2017:11:48:28 -0500] "GET /wp-content/uploads/2016/02/laLa-Wellness-23-2.png HTTP/1.1" 200 419140 "-" "facebookexternalhit/1.1 (+http://www.facebook.com/externalhit_uatext.php)"
65.254.225.147 - - [05/Jan/2017:11:51:15 -0500] "POST /wp-cron.php?doing_wp_cron=1483635075.3571341037750244140625 HTTP/1.1" 200 20 "http://www.lalawellness.ca/wp-cron.php?doing_wp_cron=1483635075.3571341037750244140625" "WordPress/4.7; http://www.lalawellness.ca"
199.16.157.182 - - [05/Jan/2017:11:51:10 -0500] "GET /robots.txt HTTP/1.1" 200 67 "-" "Twitterbot/1.0"
199.16.157.182 - - [05/Jan/2017:11:51:15 -0500] "GET / HTTP/1.1" 200 11837 "-" "Twitterbot/1.0"
65.254.225.147 - - [05/Jan/2017:12:23:53 -0500] "POST /wp-cron.php?doing_wp_cron=1483637033.3554489612579345703125 HTTP/1.1" 200 20 "http://www.lalawellness.ca/wp-cron.php?doing_wp_cron=1483637033.3554489612579345703125" "WordPress/4.7; http://www.lalawellness.ca"
39.33.248.157 - - [05/Jan/2017:12:23:49 -0500] "POST /xmlrpc.php HTTP/1.1" 200 403 "-" "Mozilla/5.0 (Windows NT 6.1; WOW64; rv:40.0) Gecko/20100101 Firefox/40.1"
39.33.248.157 - - [05/Jan/2017:12:23:54 -0500] "GET /wp-login.php HTTP/1.1" 200 3378 "-" "Mozilla/5.0 (Windows NT 6.1; WOW64; rv:40.0) Gecko/20100101 Firefox/40.1"
39.33.248.157 - - [05/Jan/2017:12:23:56 -0500] "POST /wp-login.php HTTP/1.1" 200 4386 "-" "Mozilla/5.0 (Windows NT 6.1; WOW64; rv:40.0) Gecko/20100101 Firefox/40.1"
86.82.130.235 - - [05/Jan/2017:12:42:52 -0500] "POST /xmlrpc.php HTTP/1.1" 200 403 "-" "Mozilla/5.0 (Windows NT 6.1; WOW64; rv:40.0) Gecko/20100101 Firefox/40.1"
86.82.130.235 - - [05/Jan/2017:12:42:53 -0500] "GET /wp-login.php HTTP/1.1" 200 3378 "-" "Mozilla/5.0 (Windows NT 6.1; WOW64; rv:40.0) Gecko/20100101 Firefox/40.1"
86.82.130.235 - - [05/Jan/2017:12:42:57 -0500] "POST /wp-login.php HTTP/1.1" 200 4386 "-" "Mozilla/5.0 (Windows NT 6.1; WOW64; rv:40.0) Gecko/20100101 Firefox/40.1"
65.254.225.147 - - [05/Jan/2017:13:57:14 -0500] "POST /wp-cron.php?doing_wp_cron=1483642634.1470069885253906250000 HTTP/1.1" 200 20 "http://www.lalawellness.ca/wp-cron.php?doing_wp_cron=1483642634.1470069885253906250000" "WordPress/4.7; http://www.lalawellness.ca"
31.184.194.91 - - [05/Jan/2017:13:57:10 -0500] "POST /wp-login.php HTTP/1.1" 200 1487 "http://lalawellness.ca/wp-login.php" "Mozilla/5.0 (Windows NT 10.0; WOW64) AppleWebKit/537.36 (KHTML, like Gecko) Chrome/53.0.2785.143 Safari/537.36"
31.184.194.91 - - [05/Jan/2017:13:57:15 -0500] "POST /wp-login.php HTTP/1.1" 200 1487 "http://lalawellness.ca/wp-login.php" "Mozilla/5.0 (Windows NT 10.0; WOW64) AppleWebKit/537.36 (KHTML, like Gecko) Chrome/53.0.2785.143 Safari/537.36"
178.148.180.98 - - [05/Jan/2017:14:12:47 -0500] "POST /xmlrpc.php HTTP/1.1" 200 403 "-" "Mozilla/5.0 (Windows NT 6.1; WOW64; rv:40.0) Gecko/20100101 Firefox/40.1"
178.148.180.98 - - [05/Jan/2017:14:12:52 -0500] "GET /wp-login.php HTTP/1.1" 200 3378 "-" "Mozilla/5.0 (Windows NT 6.1; WOW64; rv:40.0) Gecko/20100101 Firefox/40.1"
178.148.180.98 - - [05/Jan/2017:14:12:54 -0500] "POST /wp-login.php HTTP/1.1" 200 4386 "-" "Mozilla/5.0 (Windows NT 6.1; WOW64; rv:40.0) Gecko/20100101 Firefox/40.1"
91.179.201.47 - - [05/Jan/2017:14:26:26 -0500] "POST /xmlrpc.php HTTP/1.1" 200 403 "-" "Mozilla/5.0 (Windows NT 6.1; WOW64; rv:40.0) Gecko/20100101 Firefox/40.1"
91.179.201.47 - - [05/Jan/2017:14:26:31 -0500] "GET /wp-login.php HTTP/1.1" 200 3378 "-" "Mozilla/5.0 (Windows NT 6.1; WOW64; rv:40.0) Gecko/20100101 Firefox/40.1"
91.179.201.47 - - [05/Jan/2017:14:26:32 -0500] "POST /wp-login.php HTTP/1.1" 200 4386 "-" "Mozilla/5.0 (Windows NT 6.1; WOW64; rv:40.0) Gecko/20100101 Firefox/40.1"
65.254.225.147 - - [05/Jan/2017:14:50:43 -0500] "POST /wp-cron.php?doing_wp_cron=1483645843.1141719818115234375000 HTTP/1.1" 200 20 "http://www.lalawellness.ca/wp-cron.php?doing_wp_cron=1483645843.1141719818115234375000" "WordPress/4.7; http://www.lalawellness.ca"
66.249.64.254 - - [05/Jan/2017:14:50:39 -0500] "GET /feed/ HTTP/1.1" 200 7330 "-" "Mozilla/5.0 (compatible; Googlebot/2.1; +http://www.google.com/bot.html)"
5.12.128.132 - - [05/Jan/2017:16:12:17 -0500] "POST /xmlrpc.php HTTP/1.1" 200 403 "-" "Mozilla/5.0 (Windows NT 6.1; WOW64; rv:40.0) Gecko/20100101 Firefox/40.1"
65.254.225.147 - - [05/Jan/2017:16:12:24 -0500] "POST /wp-cron.php?doing_wp_cron=1483650744.6226470470428466796875 HTTP/1.1" 200 20 "http://www.lalawellness.ca/wp-cron.php?doing_wp_cron=1483650744.6226470470428466796875" "WordPress/4.7; http://www.lalawellness.ca"
5.12.128.132 - - [05/Jan/2017:16:12:26 -0500] "GET /wp-login.php HTTP/1.1" 200 3378 "-" "Mozilla/5.0 (Windows NT 6.1; WOW64; rv:40.0) Gecko/20100101 Firefox/40.1"
5.12.128.132 - - [05/Jan/2017:16:12:28 -0500] "POST /wp-login.php HTTP/1.1" 200 4386 "-" "Mozilla/5.0 (Windows NT 6.1; WOW64; rv:40.0) Gecko/20100101 Firefox/40.1"
85.187.117.48 - - [05/Jan/2017:16:15:09 -0500] "POST /xmlrpc.php HTTP/1.1" 200 403 "-" "Mozilla/5.0 (Windows NT 6.1; WOW64; rv:40.0) Gecko/20100101 Firefox/40.1"
85.187.117.48 - - [05/Jan/2017:16:15:12 -0500] "GET /wp-login.php HTTP/1.1" 200 3378 "-" "Mozilla/5.0 (Windows NT 6.1; WOW64; rv:40.0) Gecko/20100101 Firefox/40.1"
85.187.117.48 - - [05/Jan/2017:16:15:14 -0500] "POST /wp-login.php HTTP/1.1" 200 4386 "-" "Mozilla/5.0 (Windows NT 6.1; WOW64; rv:40.0) Gecko/20100101 Firefox/40.1"
179.97.156.165 - - [05/Jan/2017:16:25:07 -0500] "POST /xmlrpc.php HTTP/1.1" 200 403 "-" "Mozilla/5.0 (Windows NT 6.1; WOW64; rv:40.0) Gecko/20100101 Firefox/40.1"
179.97.156.165 - - [05/Jan/2017:16:25:12 -0500] "GET /wp-login.php HTTP/1.1" 200 3378 "-" "Mozilla/5.0 (Windows NT 6.1; WOW64; rv:40.0) Gecko/20100101 Firefox/40.1"
179.97.156.165 - - [05/Jan/2017:16:25:13 -0500] "POST /wp-login.php HTTP/1.1" 200 4386 "-" "Mozilla/5.0 (Windows NT 6.1; WOW64; rv:40.0) Gecko/20100101 Firefox/40.1"
202.46.58.72 - - [05/Jan/2017:16:34:17 -0500] "GET / HTTP/1.1" 301 193 "-" "Mozilla/5.0 (Windows NT 10.0; WOW64) AppleWebKit/537.36 (KHTML, like Gecko) Chrome/45.0.2454.93 Safari/537.36"
202.46.51.37 - - [05/Jan/2017:16:34:21 -0500] "GET / HTTP/1.1" 200 11838 "-" "Mozilla/5.0 (Windows NT 10.0; WOW64) AppleWebKit/537.36 (KHTML, like Gecko) Chrome/45.0.2454.93 Safari/537.36"
181.168.139.204 - - [05/Jan/2017:16:39:37 -0500] "POST /xmlrpc.php HTTP/1.1" 200 403 "-" "Mozilla/5.0 (Windows NT 6.1; WOW64; rv:40.0) Gecko/20100101 Firefox/40.1"
181.168.139.204 - - [05/Jan/2017:16:39:40 -0500] "GET /wp-login.php HTTP/1.1" 200 3378 "-" "Mozilla/5.0 (Windows NT 6.1; WOW64; rv:40.0) Gecko/20100101 Firefox/40.1"
181.168.139.204 - - [05/Jan/2017:16:39:41 -0500] "POST /wp-login.php HTTP/1.1" 200 4386 "-" "Mozilla/5.0 (Windows NT 6.1; WOW64; rv:40.0) Gecko/20100101 Firefox/40.1"
173.27.114.246 - - [05/Jan/2017:17:08:35 -0500] "POST /xmlrpc.php HTTP/1.1" 200 403 "-" "Mozilla/5.0 (Windows NT 6.1; WOW64; rv:40.0) Gecko/20100101 Firefox/40.1"
173.27.114.246 - - [05/Jan/2017:17:08:42 -0500] "GET /wp-login.php HTTP/1.1" 200 3378 "-" "Mozilla/5.0 (Windows NT 6.1; WOW64; rv:40.0) Gecko/20100101 Firefox/40.1"
173.27.114.246 - - [05/Jan/2017:17:08:44 -0500] "POST /wp-login.php HTTP/1.1" 200 4386 "-" "Mozilla/5.0 (Windows NT 6.1; WOW64; rv:40.0) Gecko/20100101 Firefox/40.1"
65.254.225.147 - - [05/Jan/2017:17:08:41 -0500] "POST /wp-cron.php?doing_wp_cron=1483654121.1649949550628662109375 HTTP/1.1" 200 20 "http://www.lalawellness.ca/wp-cron.php?doing_wp_cron=1483654121.1649949550628662109375" "WordPress/4.7; http://www.lalawellness.ca"
65.254.225.147 - - [05/Jan/2017:19:18:55 -0500] "POST /wp-cron.php?doing_wp_cron=1483661935.4915170669555664062500 HTTP/1.1" 200 20 "http://www.lalawellness.ca/wp-cron.php?doing_wp_cron=1483661935.4915170669555664062500" "WordPress/4.7; http://www.lalawellness.ca"
188.250.134.61 - - [05/Jan/2017:19:18:50 -0500] "POST /xmlrpc.php HTTP/1.1" 200 403 "-" "Mozilla/5.0 (Windows NT 6.1; WOW64; rv:40.0) Gecko/20100101 Firefox/40.1"
188.250.134.61 - - [05/Jan/2017:19:18:57 -0500] "GET /wp-login.php HTTP/1.1" 200 3378 "-" "Mozilla/5.0 (Windows NT 6.1; WOW64; rv:40.0) Gecko/20100101 Firefox/40.1"
188.250.134.61 - - [05/Jan/2017:19:18:58 -0500] "POST /wp-login.php HTTP/1.1" 200 4386 "-" "Mozilla/5.0 (Windows NT 6.1; WOW64; rv:40.0) Gecko/20100101 Firefox/40.1"
65.254.225.147 - - [05/Jan/2017:19:49:43 -0500] "POST /wp-cron.php?doing_wp_cron=1483663783.2640290260314941406250 HTTP/1.1" 200 20 "http://www.lalawellness.ca/wp-cron.php?doing_wp_cron=1483663783.2640290260314941406250" "WordPress/4.7; http://www.lalawellness.ca"
217.125.26.89 - - [05/Jan/2017:19:49:38 -0500] "POST /xmlrpc.php HTTP/1.1" 200 403 "-" "Mozilla/5.0 (Windows NT 6.1; WOW64; rv:40.0) Gecko/20100101 Firefox/40.1"
217.125.26.89 - - [05/Jan/2017:19:49:44 -0500] "GET /wp-login.php HTTP/1.1" 200 3378 "-" "Mozilla/5.0 (Windows NT 6.1; WOW64; rv:40.0) Gecko/20100101 Firefox/40.1"
217.125.26.89 - - [05/Jan/2017:19:49:46 -0500] "POST /wp-login.php HTTP/1.1" 200 4386 "-" "Mozilla/5.0 (Windows NT 6.1; WOW64; rv:40.0) Gecko/20100101 Firefox/40.1"
65.254.225.147 - - [05/Jan/2017:20:10:34 -0500] "POST /wp-cron.php?doing_wp_cron=1483665034.5468020439147949218750 HTTP/1.1" 200 20 "http://www.lalawellness.ca/wp-cron.php?doing_wp_cron=1483665034.5468020439147949218750" "WordPress/4.7; http://www.lalawellness.ca"
54.226.224.4 - - [05/Jan/2017:20:10:28 -0500] "GET /feed/ HTTP/1.1" 301 264 "-" "Mozilla/5.0 (Windows NT 6.3; WOW64) AppleWebKit/537.36 (KHTML, like Gecko) Chrome/34.0.1847.137 Safari/537.36"
54.226.224.4 - - [05/Jan/2017:20:10:35 -0500] "GET /feed/ HTTP/1.1" 200 7330 "http://lalawellness.ca/feed/" "Go 1.1 package http"
144.76.44.239 - - [05/Jan/2017:20:39:32 -0500] "POST /xmlrpc.php HTTP/1.1" 406 261 "-" "-"
65.254.225.147 - - [05/Jan/2017:20:53:44 -0500] "POST /wp-cron.php?doing_wp_cron=1483667624.5894470214843750000000 HTTP/1.1" 200 20 "http://www.lalawellness.ca/wp-cron.php?doing_wp_cron=1483667624.5894470214843750000000" "WordPress/4.7; http://www.lalawellness.ca"
139.0.92.52 - - [05/Jan/2017:20:53:40 -0500] "POST /xmlrpc.php HTTP/1.1" 200 403 "-" "Mozilla/5.0 (Windows NT 6.1; WOW64; rv:40.0) Gecko/20100101 Firefox/40.1"
139.0.92.52 - - [05/Jan/2017:20:53:46 -0500] "GET /wp-login.php HTTP/1.1" 200 3378 "-" "Mozilla/5.0 (Windows NT 6.1; WOW64; rv:40.0) Gecko/20100101 Firefox/40.1"
139.0.92.52 - - [05/Jan/2017:20:53:47 -0500] "POST /wp-login.php HTTP/1.1" 200 4386 "-" "Mozilla/5.0 (Windows NT 6.1; WOW64; rv:40.0) Gecko/20100101 Firefox/40.1"
65.254.225.147 - - [05/Jan/2017:21:10:10 -0500] "POST /wp-cron.php?doing_wp_cron=1483668610.7459390163421630859375 HTTP/1.1" 200 20 "http://www.lalawellness.ca/wp-cron.php?doing_wp_cron=1483668610.7459390163421630859375" "WordPress/4.7; http://www.lalawellness.ca"
66.249.64.196 - - [05/Jan/2017:21:10:09 -0500] "GET /feed/ HTTP/1.1" 200 7330 "-" "Mozilla/5.0 (compatible; Googlebot/2.1; +http://www.google.com/bot.html)"
180.76.15.150 - - [05/Jan/2017:21:17:28 -0500] "GET /xmlrpc.php HTTP/1.1" 405 60 "-" "Mozilla/5.0 (compatible; Baiduspider/2.0; +http://www.baidu.com/search/spider.html)"
65.254.225.147 - - [05/Jan/2017:22:09:54 -0500] "POST /wp-cron.php?doing_wp_cron=1483672194.2498629093170166015625 HTTP/1.1" 200 20 "http://www.lalawellness.ca/wp-cron.php?doing_wp_cron=1483672194.2498629093170166015625" "WordPress/4.7; http://www.lalawellness.ca"
74.132.63.96 - - [05/Jan/2017:22:09:49 -0500] "POST /xmlrpc.php HTTP/1.1" 200 403 "-" "Mozilla/5.0 (Windows NT 6.1; WOW64; rv:40.0) Gecko/20100101 Firefox/40.1"
74.132.63.96 - - [05/Jan/2017:22:09:55 -0500] "GET /wp-login.php HTTP/1.1" 200 3378 "-" "Mozilla/5.0 (Windows NT 6.1; WOW64; rv:40.0) Gecko/20100101 Firefox/40.1"
74.132.63.96 - - [05/Jan/2017:22:09:56 -0500] "POST /wp-login.php HTTP/1.1" 200 4386 "-" "Mozilla/5.0 (Windows NT 6.1; WOW64; rv:40.0) Gecko/20100101 Firefox/40.1"
180.76.15.10 - - [05/Jan/2017:22:23:52 -0500] "GET / HTTP/1.1" 200 11838 "-" "Mozilla/5.0 (compatible; Baiduspider/2.0; +http://www.baidu.com/search/spider.html)"
65.254.225.147 - - [05/Jan/2017:22:39:19 -0500] "POST /wp-cron.php?doing_wp_cron=1483673959.5101621150970458984375 HTTP/1.1" 200 20 "http://www.lalawellness.ca/wp-cron.php?doing_wp_cron=1483673959.5101621150970458984375" "WordPress/4.7; http://www.lalawellness.ca"
202.46.55.63 - - [05/Jan/2017:22:39:15 -0500] "GET / HTTP/1.1" 301 193 "-" "Mozilla/5.0 (Windows NT 10.0; WOW64) AppleWebKit/537.36 (KHTML, like Gecko) Chrome/45.0.2454.93 Safari/537.36"
202.46.56.204 - - [05/Jan/2017:22:39:21 -0500] "GET / HTTP/1.1" 200 11840 "-" "Mozilla/5.0 (Windows NT 10.0; WOW64) AppleWebKit/537.36 (KHTML, like Gecko) Chrome/45.0.2454.93 Safari/537.36"
65.254.225.147 - - [05/Jan/2017:23:37:22 -0500] "POST /wp-cron.php?doing_wp_cron=1483677442.6947059631347656250000 HTTP/1.1" 200 20 "http://www.lalawellness.ca/wp-cron.php?doing_wp_cron=1483677442.6947059631347656250000" "WordPress/4.7; http://www.lalawellness.ca"
219.92.159.233 - - [05/Jan/2017:23:37:14 -0500] "POST /xmlrpc.php HTTP/1.1" 200 403 "-" "Mozilla/5.0 (Windows NT 6.1; WOW64; rv:40.0) Gecko/20100101 Firefox/40.1"
219.92.159.233 - - [05/Jan/2017:23:37:24 -0500] "GET /wp-login.php HTTP/1.1" 200 3378 "-" "Mozilla/5.0 (Windows NT 6.1; WOW64; rv:40.0) Gecko/20100101 Firefox/40.1"
219.92.159.233 - - [05/Jan/2017:23:37:27 -0500] "POST /wp-login.php HTTP/1.1" 200 4386 "-" "Mozilla/5.0 (Windows NT 6.1; WOW64; rv:40.0) Gecko/20100101 Firefox/40.1"
94.228.145.104 - - [05/Jan/2017:23:43:56 -0500] "POST /xmlrpc.php HTTP/1.1" 200 403 "-" "Mozilla/5.0 (Windows NT 6.1; WOW64; rv:40.0) Gecko/20100101 Firefox/40.1"
94.228.145.104 - - [05/Jan/2017:23:43:57 -0500] "GET /wp-login.php HTTP/1.1" 200 3378 "-" "Mozilla/5.0 (Windows NT 6.1; WOW64; rv:40.0) Gecko/20100101 Firefox/40.1"
94.228.145.104 - - [05/Jan/2017:23:43:58 -0500] "POST /wp-login.php HTTP/1.1" 200 4386 "-" "Mozilla/5.0 (Windows NT 6.1; WOW64; rv:40.0) Gecko/20100101 Firefox/40.1"
